[INFO] Scanning for projects...
[INFO] 
[INFO] ---------------------< com.klu:cors-demo-backend >----------------------
[INFO] Building cors-demo-backend 0.0.1-SNAPSHOT
[INFO]   from pom.xml
[INFO] --------------------------------[ jar ]---------------------------------
[INFO] 
[INFO] >>> spring-boot:4.1.1:run (default-cli) > test-compile @ cors-demo-backend >>>
[INFO] 
[INFO] --- resources:3.5.0:resources (default-resources) @ cors-demo-backend ---
[INFO] Copying 1 resource from src/main/resources to target/classes
[INFO] Copying 0 resource from src/main/resources to target/classes
[INFO] 
[INFO] --- compiler:3.15.0:compile (default-compile) @ cors-demo-backend ---
[INFO] Nothing to compile - all classes are up to date.
[INFO] 
[INFO] --- resources:3.5.0:testResources (default-testResources) @ cors-demo-backend ---
[INFO] skip non existing resourceDirectory /home/nsg/Projects/SOA/CORS (Cross-Origin Resource Sharing)/backend/src/test/resources
[INFO] 
[INFO] --- compiler:3.15.0:testCompile (default-testCompile) @ cors-demo-backend ---
[INFO] Nothing to compile - all classes are up to date.
[INFO] 
[INFO] <<< spring-boot:4.1.1:run (default-cli) < test-compile @ cors-demo-backend <<<
[INFO] 
[INFO] 
[INFO] --- spring-boot:4.1.1:run (default-cli) @ cors-demo-backend ---
[INFO] Attaching agents: []

  .   ____          _            __ _ _
 /\\ / ___'_ __ _ _(_)_ __  __ _ \ \ \ \
( ( )\___ | '_ | '_| | '_ \/ _` | \ \ \ \
 \\/  ___)| |_)| | | | | || (_| |  ) ) ) )
  '  |____| .__|_| |_|_| |_\__, | / / / /
 =========|_|==============|___/=/_/_/_/

 :: Spring Boot ::                (v4.1.1)

2026-09-02T14:47:53.913+05:30  INFO 50554 --- [cors-demo-backend] [           main] com.klu.CorsDemoBackendApplication       : Starting CorsDemoBackendApplication using Java 21.0.12 with PID 50554 (/home/nsg/Projects/SOA/CORS (Cross-Origin Resource Sharing)/backend/target/classes started by nsg in /home/nsg/Projects/SOA/CORS (Cross-Origin Resource Sharing)/backend)
2026-09-02T14:47:53.917+05:30  INFO 50554 --- [cors-demo-backend] [           main] com.klu.CorsDemoBackendApplication       : No active profile set, falling back to 1 default profile: "default"
2026-09-02T14:47:54.702+05:30  INFO 50554 --- [cors-demo-backend] [           main] o.s.boot.tomcat.TomcatWebServer          : Tomcat initialized with port 8080 (http)
2026-09-02T14:47:54.719+05:30  INFO 50554 --- [cors-demo-backend] [           main] o.apache.catalina.core.StandardService   : Starting service [Tomcat]
2026-09-02T14:47:54.719+05:30  INFO 50554 --- [cors-demo-backend] [           main] o.apache.catalina.core.StandardEngine    : Starting Servlet engine: [Apache Tomcat/11.0.24]
2026-09-02T14:47:54.761+05:30  INFO 50554 --- [cors-demo-backend] [           main] b.w.c.s.WebApplicationContextInitializer : Root WebApplicationContext: initialization completed in 790 ms
2026-09-02T14:47:55.113+05:30  INFO 50554 --- [cors-demo-backend] [           main] o.s.boot.tomcat.TomcatWebServer          : Tomcat started on port 8080 (http) with context path '/'
2026-09-02T14:47:55.118+05:30  INFO 50554 --- [cors-demo-backend] [           main] com.klu.CorsDemoBackendApplication       : Started CorsDemoBackendApplication in 1.67 seconds (process running for 2.007)
2026-09-02T14:47:55.568+05:30  INFO 50554 --- [cors-demo-backend] [nio-8080-exec-1] o.a.c.c.C.[Tomcat].[localhost].[/]       : Initializing Spring DispatcherServlet 'dispatcherServlet'
2026-09-02T14:47:55.568+05:30  INFO 50554 --- [cors-demo-backend] [nio-8080-exec-1] o.s.web.servlet.DispatcherServlet        : Initializing Servlet 'dispatcherServlet'
2026-09-02T14:47:55.569+05:30  INFO 50554 --- [cors-demo-backend] [nio-8080-exec-1] o.s.web.servlet.DispatcherServlet        : Completed initialization in 1 ms
2026-09-02T15:00:00.215+05:30  INFO 50554 --- [cors-demo-backend] [ionShutdownHook] o.s.boot.tomcat.GracefulShutdown         : Commencing graceful shutdown. Waiting for active requests to complete
2026-09-02T15:00:00.220+05:30  INFO 50554 --- [cors-demo-backend] [tomcat-shutdown] o.s.boot.tomcat.GracefulShutdown         : Graceful shutdown complete
