nohup: ignoring input
[INFO] Scanning for projects...
[INFO] 
[INFO] --------------------< com.example:consumer-service >--------------------
[INFO] Building consumer-service 1.0.0
[INFO]   from pom.xml
[INFO] --------------------------------[ jar ]---------------------------------
[INFO] 
[INFO] >>> spring-boot:3.5.5:run (default-cli) > test-compile @ consumer-service >>>
[INFO] 
[INFO] --- resources:3.3.1:resources (default-resources) @ consumer-service ---
[INFO] Copying 1 resource from src/main/resources to target/classes
[INFO] Copying 0 resource from src/main/resources to target/classes
[INFO] 
[INFO] --- compiler:3.14.0:compile (default-compile) @ consumer-service ---
[INFO] Nothing to compile - all classes are up to date.
[INFO] 
[INFO] --- resources:3.3.1:testResources (default-testResources) @ consumer-service ---
[INFO] skip non existing resourceDirectory /home/nsg/Projects/SOA/kafaka with spring boot/consumer-service/src/test/resources
[INFO] 
[INFO] --- compiler:3.14.0:testCompile (default-testCompile) @ consumer-service ---
[INFO] No sources to compile
[INFO] 
[INFO] <<< spring-boot:3.5.5:run (default-cli) < test-compile @ consumer-service <<<
[INFO] 
[INFO] 
[INFO] --- spring-boot:3.5.5:run (default-cli) @ consumer-service ---
[INFO] Attaching agents: []

  .   ____          _            __ _ _
 /\\ / ___'_ __ _ _(_)_ __  __ _ \ \ \ \
( ( )\___ | '_ | '_| | '_ \/ _` | \ \ \ \
 \\/  ___)| |_)| | | | | || (_| |  ) ) ) )
  '  |____| .__|_| |_|_| |_\__, | / / / /
 =========|_|==============|___/=/_/_/_/

 :: Spring Boot ::                (v3.5.5)

2026-09-12T13:46:01.258+05:30  INFO 18325 --- [           main] c.example.consumer.ConsumerApplication   : Starting ConsumerApplication using Java 21.0.12 with PID 18325 (/home/nsg/Projects/SOA/kafaka with spring boot/consumer-service/target/classes started by nsg in /home/nsg/Projects/SOA/kafaka with spring boot/consumer-service)
2026-09-12T13:46:01.259+05:30  INFO 18325 --- [           main] c.example.consumer.ConsumerApplication   : No active profile set, falling back to 1 default profile: "default"
2026-09-12T13:46:01.696+05:30  INFO 18325 --- [           main] o.s.b.w.embedded.tomcat.TomcatWebServer  : Tomcat initialized with port 8082 (http)
2026-09-12T13:46:01.704+05:30  INFO 18325 --- [           main] o.apache.catalina.core.StandardService   : Starting service [Tomcat]
2026-09-12T13:46:01.705+05:30  INFO 18325 --- [           main] o.apache.catalina.core.StandardEngine    : Starting Servlet engine: [Apache Tomcat/10.1.44]
2026-09-12T13:46:01.728+05:30  INFO 18325 --- [           main] o.a.c.c.C.[Tomcat].[localhost].[/]       : Initializing Spring embedded WebApplicationContext
2026-09-12T13:46:01.729+05:30  INFO 18325 --- [           main] w.s.c.ServletWebServerApplicationContext : Root WebApplicationContext: initialization completed in 448 ms
2026-09-12T13:46:01.979+05:30  INFO 18325 --- [           main] o.s.b.w.embedded.tomcat.TomcatWebServer  : Tomcat started on port 8082 (http) with context path '/'
2026-09-12T13:46:01.998+05:30  INFO 18325 --- [           main] o.a.k.clients.consumer.ConsumerConfig    : ConsumerConfig values: 
	allow.auto.create.topics = true
	auto.commit.interval.ms = 5000
	auto.include.jmx.reporter = true
	auto.offset.reset = earliest
	bootstrap.servers = [localhost:9092]
	check.crcs = true
	client.dns.lookup = use_all_dns_ips
	client.id = consumer-consumer-group-1
	client.rack = 
	connections.max.idle.ms = 540000
	default.api.timeout.ms = 60000
	enable.auto.commit = false
	enable.metrics.push = true
	exclude.internal.topics = true
	fetch.max.bytes = 52428800
	fetch.max.wait.ms = 500
	fetch.min.bytes = 1
	group.id = consumer-group
	group.instance.id = null
	group.protocol = classic
	group.remote.assignor = null
	heartbeat.interval.ms = 3000
	interceptor.classes = []
	internal.leave.group.on.close = true
	internal.throw.on.fetch.stable.offset.unsupported = false
	isolation.level = read_uncommitted
	key.deserializer = class org.apache.kafka.common.serialization.StringDeserializer
	max.partition.fetch.bytes = 1048576
	max.poll.interval.ms = 300000
	max.poll.records = 500
	metadata.max.age.ms = 300000
	metadata.recovery.strategy = none
	metric.reporters = []
	metrics.num.samples = 2
	metrics.recording.level = INFO
	metrics.sample.window.ms = 30000
	partition.assignment.strategy = [class org.apache.kafka.clients.consumer.RangeAssignor, class org.apache.kafka.clients.consumer.CooperativeStickyAssignor]
	receive.buffer.bytes = 65536
	reconnect.backoff.max.ms = 1000
	reconnect.backoff.ms = 50
	request.timeout.ms = 30000
	retry.backoff.max.ms = 1000
	retry.backoff.ms = 100
	sasl.client.callback.handler.class = null
	sasl.jaas.config = null
	sasl.kerberos.kinit.cmd = /usr/bin/kinit
	sasl.kerberos.min.time.before.relogin = 60000
	sasl.kerberos.service.name = null
	sasl.kerberos.ticket.renew.jitter = 0.05
	sasl.kerberos.ticket.renew.window.factor = 0.8
	sasl.login.callback.handler.class = null
	sasl.login.class = null
	sasl.login.connect.timeout.ms = null
	sasl.login.read.timeout.ms = null
	sasl.login.refresh.buffer.seconds = 300
	sasl.login.refresh.min.period.seconds = 60
	sasl.login.refresh.window.factor = 0.8
	sasl.login.refresh.window.jitter = 0.05
	sasl.login.retry.backoff.max.ms = 10000
	sasl.login.retry.backoff.ms = 100
	sasl.mechanism = GSSAPI
	sasl.oauthbearer.clock.skew.seconds = 30
	sasl.oauthbearer.expected.audience = null
	sasl.oauthbearer.expected.issuer = null
	sasl.oauthbearer.header.urlencode = false
	sasl.oauthbearer.jwks.endpoint.refresh.ms = 3600000
	sasl.oauthbearer.jwks.endpoint.retry.backoff.max.ms = 10000
	sasl.oauthbearer.jwks.endpoint.retry.backoff.ms = 100
	sasl.oauthbearer.jwks.endpoint.url = null
	sasl.oauthbearer.scope.claim.name = scope
	sasl.oauthbearer.sub.claim.name = sub
	sasl.oauthbearer.token.endpoint.url = null
	security.protocol = PLAINTEXT
	security.providers = null
	send.buffer.bytes = 131072
	session.timeout.ms = 45000
	socket.connection.setup.timeout.max.ms = 30000
	socket.connection.setup.timeout.ms = 10000
	ssl.cipher.suites = null
	ssl.enabled.protocols = [TLSv1.2, TLSv1.3]
	ssl.endpoint.identification.algorithm = https
	ssl.engine.factory.class = null
	ssl.key.password = null
	ssl.keymanager.algorithm = SunX509
	ssl.keystore.certificate.chain = null
	ssl.keystore.key = null
	ssl.keystore.location = null
	ssl.keystore.password = null
	ssl.keystore.type = JKS
	ssl.protocol = TLSv1.3
	ssl.provider = null
	ssl.secure.random.implementation = null
	ssl.trustmanager.algorithm = PKIX
	ssl.truststore.certificates = null
	ssl.truststore.location = null
	ssl.truststore.password = null
	ssl.truststore.type = JKS
	value.deserializer = class org.apache.kafka.common.serialization.StringDeserializer

2026-09-12T13:46:02.019+05:30  INFO 18325 --- [           main] o.a.k.c.t.i.KafkaMetricsCollector        : initializing Kafka metrics collector
2026-09-12T13:46:02.111+05:30  INFO 18325 --- [           main] o.a.kafka.common.utils.AppInfoParser     : Kafka version: 3.9.1
2026-09-12T13:46:02.111+05:30  INFO 18325 --- [           main] o.a.kafka.common.utils.AppInfoParser     : Kafka commitId: f745dfdcee2b9851
2026-09-12T13:46:02.111+05:30  INFO 18325 --- [           main] o.a.kafka.common.utils.AppInfoParser     : Kafka startTimeMs: 1789200962110
2026-09-12T13:46:02.113+05:30  INFO 18325 --- [           main] o.a.k.c.c.i.ClassicKafkaConsumer         : [Consumer clientId=consumer-consumer-group-1, groupId=consumer-group] Subscribed to topic(s): api-communication
2026-09-12T13:46:02.121+05:30  INFO 18325 --- [           main] c.example.consumer.ConsumerApplication   : Started ConsumerApplication in 1.09 seconds (process running for 1.24)
2026-09-12T13:46:02.291+05:30  INFO 18325 --- [ntainer#0-0-C-1] org.apache.kafka.clients.Metadata        : [Consumer clientId=consumer-consumer-group-1, groupId=consumer-group] Cluster ID: 5L6g3nShT-eMCtK--X86sw
2026-09-12T13:46:02.409+05:30  INFO 18325 --- [ntainer#0-0-C-1] o.a.k.c.c.internals.ConsumerCoordinator  : [Consumer clientId=consumer-consumer-group-1, groupId=consumer-group] Discovered group coordinator localhost:9092 (id: 2147483646 rack: null)
2026-09-12T13:46:02.410+05:30  INFO 18325 --- [ntainer#0-0-C-1] o.a.k.c.c.internals.ConsumerCoordinator  : [Consumer clientId=consumer-consumer-group-1, groupId=consumer-group] (Re-)joining group
2026-09-12T13:46:02.422+05:30  INFO 18325 --- [ntainer#0-0-C-1] o.a.k.c.c.internals.ConsumerCoordinator  : [Consumer clientId=consumer-consumer-group-1, groupId=consumer-group] Group coordinator localhost:9092 (id: 2147483646 rack: null) is unavailable or invalid due to cause: error response NOT_COORDINATOR. isDisconnected: false. Rediscovery will be attempted.
2026-09-12T13:46:02.422+05:30  INFO 18325 --- [ntainer#0-0-C-1] o.a.k.c.c.internals.ConsumerCoordinator  : [Consumer clientId=consumer-consumer-group-1, groupId=consumer-group] Requesting disconnect from last known coordinator localhost:9092 (id: 2147483646 rack: null)
2026-09-12T13:46:02.423+05:30  INFO 18325 --- [ntainer#0-0-C-1] o.a.k.c.c.internals.ConsumerCoordinator  : [Consumer clientId=consumer-consumer-group-1, groupId=consumer-group] JoinGroup failed: This is not the correct coordinator. Marking coordinator unknown. Sent generation was Generation{generationId=-1, memberId='', protocol='null'}
2026-09-12T13:46:02.423+05:30  INFO 18325 --- [ntainer#0-0-C-1] org.apache.kafka.clients.NetworkClient   : [Consumer clientId=consumer-consumer-group-1, groupId=consumer-group] Client requested disconnect from node 2147483646
2026-09-12T13:46:02.426+05:30  INFO 18325 --- [ntainer#0-0-C-1] o.a.k.c.c.internals.ConsumerCoordinator  : [Consumer clientId=consumer-consumer-group-1, groupId=consumer-group] Discovered group coordinator localhost:9092 (id: 2147483646 rack: null)
2026-09-12T13:46:02.426+05:30  INFO 18325 --- [ntainer#0-0-C-1] o.a.k.c.c.internals.ConsumerCoordinator  : [Consumer clientId=consumer-consumer-group-1, groupId=consumer-group] Group coordinator localhost:9092 (id: 2147483646 rack: null) is unavailable or invalid due to cause: coordinator unavailable. isDisconnected: false. Rediscovery will be attempted.
2026-09-12T13:46:02.426+05:30  INFO 18325 --- [ntainer#0-0-C-1] o.a.k.c.c.internals.ConsumerCoordinator  : [Consumer clientId=consumer-consumer-group-1, groupId=consumer-group] Requesting disconnect from last known coordinator localhost:9092 (id: 2147483646 rack: null)
2026-09-12T13:46:02.540+05:30  INFO 18325 --- [ntainer#0-0-C-1] o.a.k.c.c.internals.ConsumerCoordinator  : [Consumer clientId=consumer-consumer-group-1, groupId=consumer-group] Discovered group coordinator localhost:9092 (id: 2147483646 rack: null)
2026-09-12T13:46:02.540+05:30  INFO 18325 --- [ntainer#0-0-C-1] o.a.k.c.c.internals.ConsumerCoordinator  : [Consumer clientId=consumer-consumer-group-1, groupId=consumer-group] Request joining group due to: rebalance failed due to 'This is not the correct coordinator.' (NotCoordinatorException)
2026-09-12T13:46:02.541+05:30  INFO 18325 --- [ntainer#0-0-C-1] o.a.k.c.c.internals.ConsumerCoordinator  : [Consumer clientId=consumer-consumer-group-1, groupId=consumer-group] (Re-)joining group
2026-09-12T13:46:02.542+05:30  INFO 18325 --- [ntainer#0-0-C-1] o.a.k.c.c.internals.ConsumerCoordinator  : [Consumer clientId=consumer-consumer-group-1, groupId=consumer-group] Group coordinator localhost:9092 (id: 2147483646 rack: null) is unavailable or invalid due to cause: error response NOT_COORDINATOR. isDisconnected: false. Rediscovery will be attempted.
2026-09-12T13:46:02.543+05:30  INFO 18325 --- [ntainer#0-0-C-1] o.a.k.c.c.internals.ConsumerCoordinator  : [Consumer clientId=consumer-consumer-group-1, groupId=consumer-group] Requesting disconnect from last known coordinator localhost:9092 (id: 2147483646 rack: null)
2026-09-12T13:46:02.543+05:30  INFO 18325 --- [ntainer#0-0-C-1] o.a.k.c.c.internals.ConsumerCoordinator  : [Consumer clientId=consumer-consumer-group-1, groupId=consumer-group] JoinGroup failed: This is not the correct coordinator. Marking coordinator unknown. Sent generation was Generation{generationId=-1, memberId='', protocol='null'}
2026-09-12T13:46:02.543+05:30  INFO 18325 --- [ntainer#0-0-C-1] org.apache.kafka.clients.NetworkClient   : [Consumer clientId=consumer-consumer-group-1, groupId=consumer-group] Client requested disconnect from node 2147483646
2026-09-12T13:46:02.544+05:30  INFO 18325 --- [ntainer#0-0-C-1] o.a.k.c.c.internals.ConsumerCoordinator  : [Consumer clientId=consumer-consumer-group-1, groupId=consumer-group] Discovered group coordinator localhost:9092 (id: 2147483646 rack: null)
2026-09-12T13:46:02.544+05:30  INFO 18325 --- [ntainer#0-0-C-1] o.a.k.c.c.internals.ConsumerCoordinator  : [Consumer clientId=consumer-consumer-group-1, groupId=consumer-group] Group coordinator localhost:9092 (id: 2147483646 rack: null) is unavailable or invalid due to cause: coordinator unavailable. isDisconnected: false. Rediscovery will be attempted.
2026-09-12T13:46:02.544+05:30  INFO 18325 --- [ntainer#0-0-C-1] o.a.k.c.c.internals.ConsumerCoordinator  : [Consumer clientId=consumer-consumer-group-1, groupId=consumer-group] Requesting disconnect from last known coordinator localhost:9092 (id: 2147483646 rack: null)
2026-09-12T13:46:02.653+05:30  INFO 18325 --- [ntainer#0-0-C-1] o.a.k.c.c.internals.ConsumerCoordinator  : [Consumer clientId=consumer-consumer-group-1, groupId=consumer-group] Discovered group coordinator localhost:9092 (id: 2147483646 rack: null)
2026-09-12T13:46:02.654+05:30  INFO 18325 --- [ntainer#0-0-C-1] o.a.k.c.c.internals.ConsumerCoordinator  : [Consumer clientId=consumer-consumer-group-1, groupId=consumer-group] Request joining group due to: rebalance failed due to 'This is not the correct coordinator.' (NotCoordinatorException)
2026-09-12T13:46:02.654+05:30  INFO 18325 --- [ntainer#0-0-C-1] o.a.k.c.c.internals.ConsumerCoordinator  : [Consumer clientId=consumer-consumer-group-1, groupId=consumer-group] (Re-)joining group
2026-09-12T13:46:02.658+05:30  INFO 18325 --- [ntainer#0-0-C-1] o.a.k.c.c.internals.ConsumerCoordinator  : [Consumer clientId=consumer-consumer-group-1, groupId=consumer-group] Request joining group due to: need to re-join with the given member-id: consumer-consumer-group-1-1795c78f-0f41-43f9-849a-174895923a1c
2026-09-12T13:46:02.658+05:30  INFO 18325 --- [ntainer#0-0-C-1] o.a.k.c.c.internals.ConsumerCoordinator  : [Consumer clientId=consumer-consumer-group-1, groupId=consumer-group] (Re-)joining group
2026-09-12T13:46:02.662+05:30  INFO 18325 --- [ntainer#0-0-C-1] o.a.k.c.c.internals.ConsumerCoordinator  : [Consumer clientId=consumer-consumer-group-1, groupId=consumer-group] Successfully joined group with generation Generation{generationId=1, memberId='consumer-consumer-group-1-1795c78f-0f41-43f9-849a-174895923a1c', protocol='range'}
2026-09-12T13:46:02.667+05:30  INFO 18325 --- [ntainer#0-0-C-1] o.a.k.c.c.internals.ConsumerCoordinator  : [Consumer clientId=consumer-consumer-group-1, groupId=consumer-group] Finished assignment for group at generation 1: {consumer-consumer-group-1-1795c78f-0f41-43f9-849a-174895923a1c=Assignment(partitions=[api-communication-0])}
2026-09-12T13:46:02.677+05:30  INFO 18325 --- [ntainer#0-0-C-1] o.a.k.c.c.internals.ConsumerCoordinator  : [Consumer clientId=consumer-consumer-group-1, groupId=consumer-group] Successfully synced group in generation Generation{generationId=1, memberId='consumer-consumer-group-1-1795c78f-0f41-43f9-849a-174895923a1c', protocol='range'}
2026-09-12T13:46:02.678+05:30  INFO 18325 --- [ntainer#0-0-C-1] o.a.k.c.c.internals.ConsumerCoordinator  : [Consumer clientId=consumer-consumer-group-1, groupId=consumer-group] Notifying assignor about the new Assignment(partitions=[api-communication-0])
2026-09-12T13:46:02.679+05:30  INFO 18325 --- [ntainer#0-0-C-1] k.c.c.i.ConsumerRebalanceListenerInvoker : [Consumer clientId=consumer-consumer-group-1, groupId=consumer-group] Adding newly assigned partitions: api-communication-0
2026-09-12T13:46:02.686+05:30  INFO 18325 --- [ntainer#0-0-C-1] o.a.k.c.c.internals.ConsumerCoordinator  : [Consumer clientId=consumer-consumer-group-1, groupId=consumer-group] Found no committed offset for partition api-communication-0
2026-09-12T13:46:02.694+05:30  INFO 18325 --- [ntainer#0-0-C-1] o.a.k.c.c.internals.SubscriptionState    : [Consumer clientId=consumer-consumer-group-1, groupId=consumer-group] Resetting offset for partition api-communication-0 to position FetchPosition{offset=0, offsetEpoch=Optional.empty, currentLeader=LeaderAndEpoch{leader=Optional[localhost:9092 (id: 1 rack: null)], epoch=0}}.
2026-09-12T13:46:02.695+05:30  INFO 18325 --- [ntainer#0-0-C-1] o.s.k.l.KafkaMessageListenerContainer    : consumer-group: partitions assigned: [api-communication-0]
=================================
Message received from Kafka:
Hello-Kafka
=================================
=================================
Message received from Kafka:
Hello-World
=================================
2026-09-12T13:50:57.785+05:30  INFO 18325 --- [ntainer#0-0-C-1] k.c.c.i.ConsumerRebalanceListenerInvoker : [Consumer clientId=consumer-consumer-group-1, groupId=consumer-group] Revoke previously assigned partitions api-communication-0
2026-09-12T13:50:57.789+05:30  INFO 18325 --- [ntainer#0-0-C-1] o.s.k.l.KafkaMessageListenerContainer    : consumer-group: partitions revoked: [api-communication-0]
2026-09-12T13:50:57.790+05:30  INFO 18325 --- [ntainer#0-0-C-1] o.a.k.c.c.internals.ConsumerCoordinator  : [Consumer clientId=consumer-consumer-group-1, groupId=consumer-group] Member consumer-consumer-group-1-1795c78f-0f41-43f9-849a-174895923a1c sending LeaveGroup request to coordinator localhost:9092 (id: 2147483646 rack: null) due to the consumer unsubscribed from all topics
2026-09-12T13:50:57.795+05:30  INFO 18325 --- [ntainer#0-0-C-1] o.a.k.c.c.internals.ConsumerCoordinator  : [Consumer clientId=consumer-consumer-group-1, groupId=consumer-group] Resetting generation and member id due to: consumer pro-actively leaving the group
2026-09-12T13:50:57.795+05:30  INFO 18325 --- [ntainer#0-0-C-1] o.a.k.c.c.internals.ConsumerCoordinator  : [Consumer clientId=consumer-consumer-group-1, groupId=consumer-group] Request joining group due to: consumer pro-actively leaving the group
2026-09-12T13:50:57.795+05:30  INFO 18325 --- [ntainer#0-0-C-1] o.a.k.c.c.i.ClassicKafkaConsumer         : [Consumer clientId=consumer-consumer-group-1, groupId=consumer-group] Unsubscribed all topics or patterns and assigned partitions
2026-09-12T13:50:57.801+05:30  INFO 18325 --- [ntainer#0-0-C-1] o.a.k.c.c.internals.ConsumerCoordinator  : [Consumer clientId=consumer-consumer-group-1, groupId=consumer-group] Resetting generation and member id due to: consumer pro-actively leaving the group
2026-09-12T13:50:57.801+05:30  INFO 18325 --- [ntainer#0-0-C-1] o.a.k.c.c.internals.ConsumerCoordinator  : [Consumer clientId=consumer-consumer-group-1, groupId=consumer-group] Request joining group due to: consumer pro-actively leaving the group
2026-09-12T13:50:57.926+05:30  INFO 18325 --- [ntainer#0-0-C-1] o.a.kafka.clients.FetchSessionHandler    : [Consumer clientId=consumer-consumer-group-1, groupId=consumer-group] Node 1 sent an invalid full fetch response with extraIds=(xW5_CjN7TPGpbuiTdvYJpA), response=()
2026-09-12T13:50:57.930+05:30  INFO 18325 --- [ntainer#0-0-C-1] o.apache.kafka.common.metrics.Metrics    : Metrics scheduler closed
2026-09-12T13:50:57.931+05:30  INFO 18325 --- [ntainer#0-0-C-1] o.apache.kafka.common.metrics.Metrics    : Closing reporter org.apache.kafka.common.metrics.JmxReporter
2026-09-12T13:50:57.931+05:30  INFO 18325 --- [ntainer#0-0-C-1] o.apache.kafka.common.metrics.Metrics    : Closing reporter org.apache.kafka.common.telemetry.internals.ClientTelemetryReporter
2026-09-12T13:50:57.931+05:30  INFO 18325 --- [ntainer#0-0-C-1] o.apache.kafka.common.metrics.Metrics    : Metrics reporters closed
2026-09-12T13:50:57.948+05:30  INFO 18325 --- [ntainer#0-0-C-1] o.a.kafka.common.utils.AppInfoParser     : App info kafka.consumer for consumer-consumer-group-1 unregistered
2026-09-12T13:50:57.950+05:30  INFO 18325 --- [ntainer#0-0-C-1] o.s.k.l.KafkaMessageListenerContainer    : consumer-group: Consumer stopped
2026-09-12T13:50:57.952+05:30  INFO 18325 --- [ionShutdownHook] o.s.b.w.e.tomcat.GracefulShutdown        : Commencing graceful shutdown. Waiting for active requests to complete
2026-09-12T13:50:57.960+05:30  INFO 18325 --- [tomcat-shutdown] o.s.b.w.e.tomcat.GracefulShutdown        : Graceful shutdown complete
